// Jest Snapshot v1, https://goo.gl/fbAQLP

exports[`Home View renders homeView component correctly 1`] = `
<div>
  <Navigation
    onLogoutClick={[Function]}
  />
  <CreateUsers
    loading={false}
    name=""
    onChangeHandler={[Function]}
    onDismissHandler={[Function]}
    onSubmitHandler={[Function]}
    userError=""
    userMessage=""
  />
  <Products />
</div>
`;
